// Jest Snapshot v1, https://goo.gl/fbAQLP

exports[`Kv1SecretEngine integration tests should delete a secret 1`] = `[StatusCodeError: 404 - {"errors":[]}]`;
