// Jest Snapshot v1, https://goo.gl/fbAQLP

exports[`TokenAuth integration tests should revoke a token 1`] = `[StatusCodeError: 403 - {"errors":["bad token"]}]`;
